TAP version 13
# (node:26782) ExperimentalWarning: Module mocking is an experimental feature and might change at any time
# (Use `node --trace-warnings ...` to show where the warning was created)
# Subtest: adapter-owned projected outputs and raw grid copies survive adapter disposal
ok 1 - adapter-owned projected outputs and raw grid copies survive adapter disposal
  ---
  duration_ms: 241.761333
  type: 'test'
  ...
# (node:26783) ExperimentalWarning: Module mocking is an experimental feature and might change at any time
# (Use `node --trace-warnings ...` to show where the warning was created)
# Subtest: field recovery retains completed hypotheses and descriptors, and retries storage without recomputing the field
ok 2 - field recovery retains completed hypotheses and descriptors, and retries storage without recomputing the field
  ---
  duration_ms: 150.854833
  type: 'test'
  ...
1..2
# tests 2
# suites 0
# pass 2
# fail 0
# cancelled 0
# skipped 0
# todo 0
# duration_ms 332.644625
