TAP version 13
# Subtest: D2 policy refusal requests admission credit without adding existing headroom
ok 1 - D2 policy refusal requests admission credit without adding existing headroom
  ---
  duration_ms: 4.801792
  type: 'test'
  ...
# Subtest: D2 PatchMatch preserves committed evaluations and exact RNG across repeated later allocation incidents
ok 2 - D2 PatchMatch preserves committed evaluations and exact RNG across repeated later allocation incidents
  ---
  duration_ms: 33.769125
  type: 'test'
  ...
# Subtest: five failures without progress stop locally while more separated incidents remain recoverable
ok 3 - five failures without progress stop locally while more separated incidents remain recoverable
  ---
  duration_ms: 15.934292
  type: 'test'
  ...
# Subtest: feature copy recovery retains completed native work and releases all ownership
ok 4 - feature copy recovery retains completed native work and releases all ownership
  ---
  duration_ms: 7.421042
  type: 'test'
  ...
# Subtest: cancelled local recovery immediately releases pressure and does not retry
ok 5 - cancelled local recovery immediately releases pressure and does not retry
  ---
  duration_ms: 0.335333
  type: 'test'
  ...
# Subtest: two evaluator lanes refusing every useful tile stop without leaking work or pressure
ok 6 - two evaluator lanes refusing every useful tile stop without leaking work or pressure
  ---
  duration_ms: 9.129334
  type: 'test'
  ...
# Subtest: concurrent useful tiles do not combine independent first refusals into a loop
ok 7 - concurrent useful tiles do not combine independent first refusals into a loop
  ---
  duration_ms: 0.826583
  type: 'test'
  ...
# Subtest: guarded stages retain dynamic getters and original method ownership
ok 8 - guarded stages retain dynamic getters and original method ownership
  ---
  duration_ms: 0.262375
  type: 'test'
  ...
# Subtest: a refused optional evaluator preserves the ready pool and grows again after external release
ok 9 - a refused optional evaluator preserves the ready pool and grows again after external release
  ---
  duration_ms: 1.954167
  type: 'test'
  ...
# Subtest: parameter digest recovery retains already fetched useful model bytes
ok 10 - parameter digest recovery retains already fetched useful model bytes
  ---
  duration_ms: 26.612917
  type: 'test'
  ...
# Subtest: cancellation at a successful bootstrap boundary cannot create optional evaluator workers
ok 11 - cancellation at a successful bootstrap boundary cannot create optional evaluator workers
  ---
  duration_ms: 0.659875
  type: 'test'
  ...
1..11
# tests 11
# suites 0
# pass 11
# fail 0
# cancelled 0
# skipped 0
# todo 0
# duration_ms 211.451292
