TAP version 13
# Subtest: UNet terminal preserves validated nodes; explicit resume does not replay them
ok 1 - UNet terminal preserves validated nodes; explicit resume does not replay them
  ---
  duration_ms: 12.9135
  type: 'test'
  ...
# Subtest: changing a checkpoint identity discards prior owned graph values
ok 2 - changing a checkpoint identity discards prior owned graph values
  ---
  duration_ms: 7.444375
  type: 'test'
  ...
# Subtest: PatchMatch terminal at evaluation keeps exact candidate/RNG cursor and completed evaluations
ok 3 - PatchMatch terminal at evaluation keeps exact candidate/RNG cursor and completed evaluations
  ---
  duration_ms: 38.801666
  type: 'test'
  ...
# Subtest: analysis retains completed zones through terminal resume and releases the active pipeline key
ok 4 - analysis retains completed zones through terminal resume and releases the active pipeline key
  ---
  duration_ms: 3.853666
  type: 'test'
  ...
# Subtest: cancellation discards checkpoints rather than retaining cancelled output
ok 5 - cancellation discards checkpoints rather than retaining cancelled output
  ---
  duration_ms: 6.341125
  type: 'test'
  ...
# Subtest: descriptor checkpoint preserves previously completed convolutions and descriptor planes
ok 6 - descriptor checkpoint preserves previously completed convolutions and descriptor planes
  ---
  duration_ms: 294.350625
  type: 'test'
  ...
# Subtest: union checkpoint keeps completed DLF/convolutions and held weights at refusal
ok 7 - union checkpoint keeps completed DLF/convolutions and held weights at refusal
  ---
  duration_ms: 16.0515
  type: 'test'
  ...
# Subtest: a changed RNG identity invalidates the previous PatchMatch checkpoint
ok 8 - a changed RNG identity invalidates the previous PatchMatch checkpoint
  ---
  duration_ms: 8.108291
  type: 'test'
  ...
# Subtest: an already cancelled explicit graph resume discards the retained checkpoint
ok 9 - an already cancelled explicit graph resume discards the retained checkpoint
  ---
  duration_ms: 6.471167
  type: 'test'
  ...
# Subtest: cancelled queued analysis releases the preceding terminal checkpoint
ok 10 - cancelled queued analysis releases the preceding terminal checkpoint
  ---
  duration_ms: 2.124959
  type: 'test'
  ...
# Subtest: cancelled queued analysis preserves the following resume checkpoint
ok 11 - cancelled queued analysis preserves the following resume checkpoint
  ---
  duration_ms: 3.464458
  type: 'test'
  ...
# Subtest: general GPU convolution admits its entire useful peak before splitting ownership
ok 12 - general GPU convolution admits its entire useful peak before splitting ownership
  ---
  duration_ms: 5.965125
  type: 'test'
  ...
# Subtest: ordered GPU convolution admits its entire useful peak before splitting ownership
ok 13 - ordered GPU convolution admits its entire useful peak before splitting ownership
  ---
  duration_ms: 1.074666
  type: 'test'
  ...
# Subtest: mapped GPU output survives engine disposal without a copied backing and releases idempotently
ok 14 - mapped GPU output survives engine disposal without a copied backing and releases idempotently
  ---
  duration_ms: 0.913459
  type: 'test'
  ...
# Subtest: one owned GPU output feeds another convolution and device lifetime covers every outstanding result
ok 15 - one owned GPU output feeds another convolution and device lifetime covers every outstanding result
  ---
  duration_ms: 1.58375
  type: 'test'
  ...
# Subtest: mapping and range recovery preserve the completed dispatch and release its transient resources before reclaim
ok 16 - mapping and range recovery preserve the completed dispatch and release its transient resources before reclaim
  ---
  duration_ms: 7.177959
  type: 'test'
  ...
# Subtest: cancellation after mapping frees unpublished output and does not keep a device lease
ok 17 - cancellation after mapping frees unpublished output and does not keep a device lease
  ---
  duration_ms: 0.623709
  type: 'test'
  ...
# Subtest: D2 policy refusal requests admission credit without adding existing headroom
ok 18 - D2 policy refusal requests admission credit without adding existing headroom
  ---
  duration_ms: 5.247458
  type: 'test'
  ...
# Subtest: feature admission includes borrowed inputs and native heap growth atomically
ok 19 - feature admission includes borrowed inputs and native heap growth atomically
  ---
  duration_ms: 1.178917
  type: 'test'
  ...
# Subtest: neural admission includes borrowed inputs and native heap growth atomically
ok 20 - neural admission includes borrowed inputs and native heap growth atomically
  ---
  duration_ms: 2.138375
  type: 'test'
  ...
# Subtest: prepare admission includes borrowed inputs and native heap growth atomically
ok 21 - prepare admission includes borrowed inputs and native heap growth atomically
  ---
  duration_ms: 0.917167
  type: 'test'
  ...
# Subtest: D2 PatchMatch preserves committed evaluations and exact RNG across repeated later allocation incidents
ok 22 - D2 PatchMatch preserves committed evaluations and exact RNG across repeated later allocation incidents
  ---
  duration_ms: 33.819084
  type: 'test'
  ...
# Subtest: five failures without progress stop locally while more separated incidents remain recoverable
ok 23 - five failures without progress stop locally while more separated incidents remain recoverable
  ---
  duration_ms: 14.05425
  type: 'test'
  ...
# Subtest: feature copy recovery retains completed native work and releases all ownership
ok 24 - feature copy recovery retains completed native work and releases all ownership
  ---
  duration_ms: 4.748041
  type: 'test'
  ...
# Subtest: cancelled local recovery immediately releases pressure and does not retry
ok 25 - cancelled local recovery immediately releases pressure and does not retry
  ---
  duration_ms: 0.393292
  type: 'test'
  ...
# Subtest: two evaluator lanes refusing every useful tile stop without leaking work or pressure
ok 26 - two evaluator lanes refusing every useful tile stop without leaking work or pressure
  ---
  duration_ms: 10.873375
  type: 'test'
  ...
# Subtest: concurrent useful tiles do not combine independent first refusals into a loop
ok 27 - concurrent useful tiles do not combine independent first refusals into a loop
  ---
  duration_ms: 2.1605
  type: 'test'
  ...
# Subtest: guarded stages retain dynamic getters and original method ownership
ok 28 - guarded stages retain dynamic getters and original method ownership
  ---
  duration_ms: 0.213375
  type: 'test'
  ...
# Subtest: a refused optional evaluator preserves the ready pool and grows again after external release
ok 29 - a refused optional evaluator preserves the ready pool and grows again after external release
  ---
  duration_ms: 1.633667
  type: 'test'
  ...
# Subtest: parameter digest recovery retains already fetched useful model bytes
ok 30 - parameter digest recovery retains already fetched useful model bytes
  ---
  duration_ms: 29.977083
  type: 'test'
  ...
# Subtest: cancellation at a successful bootstrap boundary cannot create optional evaluator workers
ok 31 - cancellation at a successful bootstrap boundary cannot create optional evaluator workers
  ---
  duration_ms: 0.784416
  type: 'test'
  ...
# Subtest: opaque role model is verified in a bounded owned Wasm byte view with symmetric child ledger
ok 32 - opaque role model is verified in a bounded owned Wasm byte view with symmetric child ledger
  ---
  duration_ms: 142.969
  type: 'test'
  ...
# Subtest: model identity rejection releases every announced backing
ok 33 - model identity rejection releases every announced backing
  ---
  duration_ms: 4.4385
  type: 'test'
  ...
# Subtest: evaluator null retires only its worker and resumes the same tile
ok 34 - evaluator null retires only its worker and resumes the same tile
  ---
  duration_ms: 11.409083
  type: 'test'
  ...
# Subtest: evaluator messageerror retires only its worker and resumes the same tile
ok 35 - evaluator messageerror retires only its worker and resumes the same tile
  ---
  duration_ms: 2.745375
  type: 'test'
  ...
# Subtest: evaluator endpoint retires only its worker and resumes the same tile
ok 36 - evaluator endpoint retires only its worker and resumes the same tile
  ---
  duration_ms: 2.512208
  type: 'test'
  ...
# Subtest: evaluator wrong-id retires only its worker and resumes the same tile
ok 37 - evaluator wrong-id retires only its worker and resumes the same tile
  ---
  duration_ms: 2.633917
  type: 'test'
  ...
# Subtest: five unreadable evaluator attempts stop locally with no orphaned scheduler lease
ok 38 - five unreadable evaluator attempts stop locally with no orphaned scheduler lease
  ---
  duration_ms: 7.485917
  type: 'test'
  ...
# Subtest: cancellation after unreadable evaluator data cannot recreate the failed worker
ok 39 - cancellation after unreadable evaluator data cannot recreate the failed worker
  ---
  duration_ms: 1.1375
  type: 'test'
  ...
# Subtest: optional evaluator bootstrap retries transport without reducing the healthy pool
ok 40 - optional evaluator bootstrap retries transport without reducing the healthy pool
  ---
  duration_ms: 3.285583
  type: 'test'
  ...
# Subtest: CPU convolution null preserves completed tiles and worker capacity
ok 41 - CPU convolution null preserves completed tiles and worker capacity
  ---
  duration_ms: 26.6705
  type: 'test'
  ...
# Subtest: CPU convolution messageerror preserves completed tiles and worker capacity
ok 42 - CPU convolution messageerror preserves completed tiles and worker capacity
  ---
  duration_ms: 20.836417
  type: 'test'
  ...
# Subtest: CPU convolution endpoint preserves completed tiles and worker capacity
ok 43 - CPU convolution endpoint preserves completed tiles and worker capacity
  ---
  duration_ms: 19.867458
  type: 'test'
  ...
# Subtest: unreadable convolution clear retains completed output and recreates only the idle slot on next layer
ok 44 - unreadable convolution clear retains completed output and recreates only the idle slot on next layer
  ---
  duration_ms: 20.822292
  type: 'test'
  ...
# Subtest: spatial transport retry retires its lease before retry and preserves input
ok 45 - spatial transport retry retires its lease before retry and preserves input
  ---
  duration_ms: 1.969375
  type: 'test'
  ...
# Subtest: bounded roles transport retry preserves prior inputs and releases each failed worker
ok 46 - bounded roles transport retry preserves prior inputs and releases each failed worker
  ---
  duration_ms: 3.557583
  type: 'test'
  ...
# Subtest: postprocess retries unreadable transport after retiring its workspace
ok 47 - postprocess retries unreadable transport after retiring its workspace
  ---
  duration_ms: 1.872709
  type: 'test'
  ...
# Subtest: evaluator terminal upload drains a companion retry before releasing shared buffers
ok 48 - evaluator terminal upload drains a companion retry before releasing shared buffers
  ---
  duration_ms: 1.192375
  type: 'test'
  ...
# Subtest: convolution terminal upload drains a companion retry before releasing shared buffers
ok 49 - convolution terminal upload drains a companion retry before releasing shared buffers
  ---
  duration_ms: 1.328917
  type: 'test'
  ...
# Subtest: five unreadable convolution tiles stop without reducing future configured parallelism or orphaning CPU
ok 50 - five unreadable convolution tiles stop without reducing future configured parallelism or orphaning CPU
  ---
  duration_ms: 9.470792
  type: 'test'
  ...
# Subtest: role child backing ledger is covered by the existing lease and follows growth, release and cancellation
ok 51 - role child backing ledger is covered by the existing lease and follows growth, release and cancellation
  ---
  duration_ms: 3.038583
  type: 'test'
  ...
1..51
# tests 51
# suites 0
# pass 51
# fail 0
# cancelled 0
# skipped 0
# todo 0
# duration_ms 501.972625
