TAP version 13
# Subtest: D2PRL rejects unqualified identities and relative URLs before fetching or reserving
ok 1 - D2PRL rejects unqualified identities and relative URLs before fetching or reserving
  ---
  duration_ms: 1.907917
  type: 'test'
  ...
# Subtest: D2PRL verifies actual manifest bytes and releases failed admissions for retry
ok 2 - D2PRL verifies actual manifest bytes and releases failed admissions for retry
  ---
  duration_ms: 38.86425
  type: 'test'
  ...
# Subtest: D2PRL manifest respects the shared budget before any network allocation
ok 3 - D2PRL manifest respects the shared budget before any network allocation
  ---
  duration_ms: 0.253208
  type: 'test'
  ...
# Subtest: An evicted D2PRL raw grid cannot trigger inference through refilter or raw export
ok 4 - An evicted D2PRL raw grid cannot trigger inference through refilter or raw export
  ---
  duration_ms: 9.518458
  type: 'test'
  ...
# Subtest: Memory pressure reclaims idle helper heaps before cached scientific results
ok 5 - Memory pressure reclaims idle helper heaps before cached scientific results
  ---
  duration_ms: 0.309875
  type: 'test'
  ...
# Subtest: owned candidate workspace matches pinned Torch propagation and RNG at the full 448 grid
ok 6 - owned candidate workspace matches pinned Torch propagation and RNG at the full 448 grid
  ---
  duration_ms: 1405.140917
  type: 'test'
  ...
# Subtest: a partial candidate growth stays owned for retry, and subsequent useful work reuses both banks
ok 7 - a partial candidate growth stays owned for retry, and subsequent useful work reuses both banks
  ---
  duration_ms: 5.65675
  type: 'test'
  ...
# Subtest: candidate wrapping never publishes a partially mutated committed input on cancellation
ok 8 - candidate wrapping never publishes a partially mutated committed input on cancellation
  ---
  duration_ms: 3.760791
  type: 'test'
  ...
# Subtest: D2 reclaims the explicitly failed domain with exact constructor bytes and one refusal event
ok 9 - D2 reclaims the explicitly failed domain with exact constructor bytes and one refusal event
  ---
  duration_ms: 5.78225
  type: 'test'
  ...
# Subtest: UNet terminal preserves validated nodes; explicit resume does not replay them
ok 10 - UNet terminal preserves validated nodes; explicit resume does not replay them
  ---
  duration_ms: 16.234583
  type: 'test'
  ...
# Subtest: changing a checkpoint identity discards prior owned graph values
ok 11 - changing a checkpoint identity discards prior owned graph values
  ---
  duration_ms: 10.558084
  type: 'test'
  ...
# Subtest: PatchMatch terminal at evaluation keeps exact candidate/RNG cursor and completed evaluations
ok 12 - PatchMatch terminal at evaluation keeps exact candidate/RNG cursor and completed evaluations
  ---
  duration_ms: 54.453875
  type: 'test'
  ...
# Subtest: analysis retains completed zones through terminal resume and releases the active pipeline key
ok 13 - analysis retains completed zones through terminal resume and releases the active pipeline key
  ---
  duration_ms: 5.990292
  type: 'test'
  ...
# Subtest: cancellation discards checkpoints rather than retaining cancelled output
ok 14 - cancellation discards checkpoints rather than retaining cancelled output
  ---
  duration_ms: 7.920791
  type: 'test'
  ...
# Subtest: descriptor checkpoint preserves previously completed convolutions and descriptor planes
ok 15 - descriptor checkpoint preserves previously completed convolutions and descriptor planes
  ---
  duration_ms: 391.631084
  type: 'test'
  ...
# Subtest: union checkpoint keeps completed DLF/convolutions and held weights at refusal
ok 16 - union checkpoint keeps completed DLF/convolutions and held weights at refusal
  ---
  duration_ms: 21.046125
  type: 'test'
  ...
# Subtest: a changed RNG identity invalidates the previous PatchMatch checkpoint
ok 17 - a changed RNG identity invalidates the previous PatchMatch checkpoint
  ---
  duration_ms: 8.731584
  type: 'test'
  ...
# Subtest: an already cancelled explicit graph resume discards the retained checkpoint
ok 18 - an already cancelled explicit graph resume discards the retained checkpoint
  ---
  duration_ms: 5.07275
  type: 'test'
  ...
# Subtest: cancelled queued analysis releases the preceding terminal checkpoint
ok 19 - cancelled queued analysis releases the preceding terminal checkpoint
  ---
  duration_ms: 1.939875
  type: 'test'
  ...
# Subtest: cancelled queued analysis preserves the following resume checkpoint
ok 20 - cancelled queued analysis preserves the following resume checkpoint
  ---
  duration_ms: 1.785
  type: 'test'
  ...
# Subtest: D2PRL admits its large workspace only when the shared CPU lane is available
ok 21 - D2PRL admits its large workspace only when the shared CPU lane is available
  ---
  duration_ms: 5.31925
  type: 'test'
  ...
# Subtest: D2PRL cancellation before admission creates no worker and preserves source ownership
ok 22 - D2PRL cancellation before admission creates no worker and preserves source ownership
  ---
  duration_ms: 2.452333
  type: 'test'
  ...
# Subtest: general GPU convolution admits its entire useful peak before splitting ownership
ok 23 - general GPU convolution admits its entire useful peak before splitting ownership
  ---
  duration_ms: 6.739083
  type: 'test'
  ...
# Subtest: ordered GPU convolution admits its entire useful peak before splitting ownership
ok 24 - ordered GPU convolution admits its entire useful peak before splitting ownership
  ---
  duration_ms: 1.1155
  type: 'test'
  ...
# Subtest: mapped GPU output survives engine disposal without a copied backing and releases idempotently
ok 25 - mapped GPU output survives engine disposal without a copied backing and releases idempotently
  ---
  duration_ms: 1.376375
  type: 'test'
  ...
# Subtest: one owned GPU output feeds another convolution and device lifetime covers every outstanding result
ok 26 - one owned GPU output feeds another convolution and device lifetime covers every outstanding result
  ---
  duration_ms: 2.012791
  type: 'test'
  ...
# Subtest: mapping and range recovery preserve the completed dispatch and release its transient resources before reclaim
ok 27 - mapping and range recovery preserve the completed dispatch and release its transient resources before reclaim
  ---
  duration_ms: 6.215
  type: 'test'
  ...
# Subtest: cancellation after mapping frees unpublished output and does not keep a device lease
ok 28 - cancellation after mapping frees unpublished output and does not keep a device lease
  ---
  duration_ms: 0.571792
  type: 'test'
  ...
# Subtest: pending GPU readback stays visible until its useful mapping completes
ok 29 - pending GPU readback stays visible until its useful mapping completes
  ---
  duration_ms: 0.577125
  type: 'test'
  ...
# Subtest: pending GPU readback stays visible until cancelled mapping settles
ok 30 - pending GPU readback stays visible until cancelled mapping settles
  ---
  duration_ms: 0.566584
  type: 'test'
  ...
# (node:4503) ExperimentalWarning: Module mocking is an experimental feature and might change at any time
# (Use `node --trace-warnings ...` to show where the warning was created)
# Subtest: adapter-owned projected outputs and raw grid copies survive adapter disposal
ok 31 - adapter-owned projected outputs and raw grid copies survive adapter disposal
  ---
  duration_ms: 344.939958
  type: 'test'
  ...
# Subtest: weights stream to stable Wasm, reuse retained parameters, release exact ownership
ok 32 - weights stream to stable Wasm, reuse retained parameters, release exact ownership
  ---
  duration_ms: 158.238208
  type: 'test'
  ...
# Subtest: two network refusals preserve hashed prefix with validated Range
ok 33 - two network refusals preserve hashed prefix with validated Range
  ---
  duration_ms: 328.500666
  type: 'test'
  ...
# Subtest: two network refusals preserve hashed prefix with 200 fallback
ok 34 - two network refusals preserve hashed prefix with 200 fallback
  ---
  duration_ms: 316.351333
  type: 'test'
  ...
# Subtest: allocation retry does not re-read committed data; terminal keeps prefix for explicit resume
ok 35 - allocation retry does not re-read committed data; terminal keeps prefix for explicit resume
  ---
  duration_ms: 363.996791
  type: 'test'
  ...
# Subtest: wrong size/hash/range never publish a parameter and cancellation clears incomplete banks
ok 36 - wrong size/hash/range never publish a parameter and cancellation clears incomplete banks
  ---
  duration_ms: 400.091208
  type: 'test'
  ...
# Subtest: initial Wasm refusal is retried without fetching and int64 offsets stay exact
ok 37 - initial Wasm refusal is retried without fetching and int64 offsets stay exact
  ---
  duration_ms: 29.626917
  type: 'test'
  ...
# Subtest: different live parameter extents share one bank and one SHA instance without whole-heap views
ok 38 - different live parameter extents share one bank and one SHA instance without whole-heap views
  ---
  duration_ms: 1.649084
  type: 'test'
  ...
# Subtest: an EOF network fault resumes at the final byte without hashing the prefix twice
ok 39 - an EOF network fault resumes at the final byte without hashing the prefix twice
  ---
  duration_ms: 213.110084
  type: 'test'
  ...
# Subtest: chunk admission refusal holds the received bytes and retries admission without reopening HTTP
ok 40 - chunk admission refusal holds the received bytes and retries admission without reopening HTTP
  ---
  duration_ms: 111.273959
  type: 'test'
  ...
# Subtest: large interrupted responses continue in bounded closed ranges accepted by the production host
ok 41 - large interrupted responses continue in bounded closed ranges accepted by the production host
  ---
  duration_ms: 428.464459
  type: 'test'
  ...
# Subtest: D2 recovery forwards the real operation graph and recovery stage as serializable diagnostics
ok 42 - D2 recovery forwards the real operation graph and recovery stage as serializable diagnostics
  ---
  duration_ms: 5.20625
  type: 'test'
  ...
# Subtest: D2 policy refusal requests admission credit with 0 bytes of its own returned prefix
ok 43 - D2 policy refusal requests admission credit with 0 bytes of its own returned prefix
  ---
  duration_ms: 2.274042
  type: 'test'
  ...
# Subtest: D2 policy refusal requests admission credit with 128 bytes of its own returned prefix
ok 44 - D2 policy refusal requests admission credit with 128 bytes of its own returned prefix
  ---
  duration_ms: 0.934584
  type: 'test'
  ...
# Subtest: feature admission includes borrowed inputs and native heap growth atomically
ok 45 - feature admission includes borrowed inputs and native heap growth atomically
  ---
  duration_ms: 2.924
  type: 'test'
  ...
# Subtest: neural admission includes borrowed inputs and native heap growth atomically
ok 46 - neural admission includes borrowed inputs and native heap growth atomically
  ---
  duration_ms: 2.612083
  type: 'test'
  ...
# Subtest: prepare admission includes borrowed inputs and native heap growth atomically
ok 47 - prepare admission includes borrowed inputs and native heap growth atomically
  ---
  duration_ms: 0.885041
  type: 'test'
  ...
# Subtest: D2 PatchMatch preserves committed evaluations and exact RNG across repeated later allocation incidents
ok 48 - D2 PatchMatch preserves committed evaluations and exact RNG across repeated later allocation incidents
  ---
  duration_ms: 51.462334
  type: 'test'
  ...
# Subtest: five failures without progress stop locally while more separated incidents remain recoverable
ok 49 - five failures without progress stop locally while more separated incidents remain recoverable
  ---
  duration_ms: 18.599583
  type: 'test'
  ...
# Subtest: feature copy recovery retains completed native work and releases all ownership
ok 50 - feature copy recovery retains completed native work and releases all ownership
  ---
  duration_ms: 8.44775
  type: 'test'
  ...
# Subtest: cancelled local recovery immediately releases pressure and does not retry
ok 51 - cancelled local recovery immediately releases pressure and does not retry
  ---
  duration_ms: 0.605167
  type: 'test'
  ...
# Subtest: two evaluator lanes refusing every useful tile stop without leaking work or pressure
ok 52 - two evaluator lanes refusing every useful tile stop without leaking work or pressure
  ---
  duration_ms: 23.307958
  type: 'test'
  ...
# Subtest: concurrent useful tiles do not combine independent first refusals into a loop
ok 53 - concurrent useful tiles do not combine independent first refusals into a loop
  ---
  duration_ms: 2.072417
  type: 'test'
  ...
# Subtest: guarded stages retain dynamic getters and original method ownership
ok 54 - guarded stages retain dynamic getters and original method ownership
  ---
  duration_ms: 0.19025
  type: 'test'
  ...
# Subtest: a refused optional evaluator preserves the ready pool and grows again after external release
ok 55 - a refused optional evaluator preserves the ready pool and grows again after external release
  ---
  duration_ms: 1.624917
  type: 'test'
  ...
# Subtest: parameter digest recovery retains already fetched useful model bytes
ok 56 - parameter digest recovery retains already fetched useful model bytes
  ---
  duration_ms: 26.9715
  type: 'test'
  ...
# Subtest: cancellation at a successful bootstrap boundary cannot create optional evaluator workers
ok 57 - cancellation at a successful bootstrap boundary cannot create optional evaluator workers
  ---
  duration_ms: 1.014667
  type: 'test'
  ...
# Subtest: paged D2 regions preserve complete native masks, contours, order, counts and identities
ok 58 - paged D2 regions preserve complete native masks, contours, order, counts and identities
  ---
  duration_ms: 25.548083
  type: 'test'
  ...
# Subtest: global run traversal agrees with native block CCL for random8-connected topology
ok 59 - global run traversal agrees with native block CCL for random8-connected topology
  ---
  duration_ms: 4728.814417
  type: 'test'
  ...
# Subtest: paged region abort, storage failure and consumer exceptions release scratch and entry leases
ok 60 - paged region abort, storage failure and consumer exceptions release scratch and entry leases
  ---
  duration_ms: 3.153292
  type: 'test'
  ...
# Subtest: automatic segmented refilter waits for borrowed result release and leaves independent entries
ok 61 - automatic segmented refilter waits for borrowed result release and leaves independent entries
  ---
  duration_ms: 7.959666
  type: 'test'
  ...
# Subtest: unscoped recovery null parent creates a root activity without accepting expired tickets
ok 62 - unscoped recovery null parent creates a root activity without accepting expired tickets
  ---
  duration_ms: 2.492291
  type: 'test'
  ...
# Subtest: autonomous initialization retains its ticket until owned success settles
ok 63 - autonomous initialization retains its ticket until owned success settles
  ---
  duration_ms: 0.280958
  type: 'test'
  ...
# Subtest: autonomous initialization retains its ticket until rejection settles
ok 64 - autonomous initialization retains its ticket until rejection settles
  ---
  duration_ms: 0.188833
  type: 'test'
  ...
# Subtest: real D2 model factory is visible during deferred native initialization and releases after failure
ok 65 - real D2 model factory is visible during deferred native initialization and releases after failure
  ---
  duration_ms: 2.049875
  type: 'test'
  ...
# Subtest: deferred SHA initialization is a productive child until publication
ok 66 - deferred SHA initialization is a productive child until publication
  ---
  duration_ms: 56.906583
  type: 'test'
  ...
# Subtest: deferred SHA initialization is a productive child until cancellation settles
ok 67 - deferred SHA initialization is a productive child until cancellation settles
  ---
  duration_ms: 0.88825
  type: 'test'
  ...
# Subtest: parameter fetch remains visible until bytes arrive
ok 68 - parameter fetch remains visible until bytes arrive
  ---
  duration_ms: 1.866875
  type: 'test'
  ...
# Subtest: parameter fetch remains visible until cancelled IO settles
ok 69 - parameter fetch remains visible until cancelled IO settles
  ---
  duration_ms: 9.506042
  type: 'test'
  ...
# Subtest: parameter read remains visible until bytes arrive
ok 70 - parameter read remains visible until bytes arrive
  ---
  duration_ms: 0.838041
  type: 'test'
  ...
# Subtest: parameter read remains visible until cancelled IO settles
ok 71 - parameter read remains visible until cancelled IO settles
  ---
  duration_ms: 1.677375
  type: 'test'
  ...
# Subtest: D2 waits for independent work without retrying or treating GPU retirement as ArrayBuffer backing
ok 72 - D2 waits for independent work without retrying or treating GPU retirement as ArrayBuffer backing
  ---
  duration_ms: 9.844542
  type: 'test'
  ...
# Subtest: scheduled D2 worker calls carry one owner and cannot be mistaken for an independent producer
ok 73 - scheduled D2 worker calls carry one owner and cannot be mistaken for an independent producer
  ---
  duration_ms: 0.619958
  type: 'test'
  ...
# Subtest: native D2 work is visible to peers but its parent does not manufacture progress during output recovery
ok 74 - native D2 work is visible to peers but its parent does not manufacture progress during output recovery
  ---
  duration_ms: 11.256833
  type: 'test'
  ...
# Subtest: guarded concurrent invocations forward distinct tickets without mutating caller options
ok 75 - guarded concurrent invocations forward distinct tickets without mutating caller options
  ---
  duration_ms: 0.719208
  type: 'test'
  ...
# Subtest: opaque role model is verified in a bounded owned Wasm byte view with symmetric child ledger
ok 76 - opaque role model is verified in a bounded owned Wasm byte view with symmetric child ledger
  ---
  duration_ms: 151.637167
  type: 'test'
  ...
# Subtest: model identity rejection releases every announced backing
ok 77 - model identity rejection releases every announced backing
  ---
  duration_ms: 7.919917
  type: 'test'
  ...
# Subtest: evaluator null retires only its worker and resumes the same tile
ok 78 - evaluator null retires only its worker and resumes the same tile
  ---
  duration_ms: 13.05225
  type: 'test'
  ...
# Subtest: evaluator messageerror retires only its worker and resumes the same tile
ok 79 - evaluator messageerror retires only its worker and resumes the same tile
  ---
  duration_ms: 4.130083
  type: 'test'
  ...
# Subtest: evaluator endpoint retires only its worker and resumes the same tile
ok 80 - evaluator endpoint retires only its worker and resumes the same tile
  ---
  duration_ms: 2.713416
  type: 'test'
  ...
# Subtest: evaluator wrong-id retires only its worker and resumes the same tile
ok 81 - evaluator wrong-id retires only its worker and resumes the same tile
  ---
  duration_ms: 1.959
  type: 'test'
  ...
# Subtest: five unreadable evaluator attempts stop locally with no orphaned scheduler lease
ok 82 - five unreadable evaluator attempts stop locally with no orphaned scheduler lease
  ---
  duration_ms: 7.951541
  type: 'test'
  ...
# Subtest: cancellation after unreadable evaluator data cannot recreate the failed worker
ok 83 - cancellation after unreadable evaluator data cannot recreate the failed worker
  ---
  duration_ms: 1.604416
  type: 'test'
  ...
# Subtest: optional evaluator bootstrap retries transport without reducing the healthy pool
ok 84 - optional evaluator bootstrap retries transport without reducing the healthy pool
  ---
  duration_ms: 2.579458
  type: 'test'
  ...
# Subtest: CPU convolution reuses an admitted arena output at exact remaining input and copy credit
ok 85 - CPU convolution reuses an admitted arena output at exact remaining input and copy credit
  ---
  duration_ms: 44.558042
  type: 'test'
  ...
# Subtest: CPU convolution retry includes retired previous-worker credit but not a retained arena bank
ok 86 - CPU convolution retry includes retired previous-worker credit but not a retained arena bank
  ---
  duration_ms: 31.064542
  type: 'test'
  ...
# Subtest: CPU convolution null preserves completed tiles and worker capacity
ok 87 - CPU convolution null preserves completed tiles and worker capacity
  ---
  duration_ms: 29.971667
  type: 'test'
  ...
# Subtest: CPU convolution messageerror preserves completed tiles and worker capacity
ok 88 - CPU convolution messageerror preserves completed tiles and worker capacity
  ---
  duration_ms: 31.1075
  type: 'test'
  ...
# Subtest: CPU convolution endpoint preserves completed tiles and worker capacity
ok 89 - CPU convolution endpoint preserves completed tiles and worker capacity
  ---
  duration_ms: 19.95975
  type: 'test'
  ...
# Subtest: unreadable convolution clear retains completed output and recreates only the idle slot on next layer
ok 90 - unreadable convolution clear retains completed output and recreates only the idle slot on next layer
  ---
  duration_ms: 21.505583
  type: 'test'
  ...
# Subtest: spatial transport retry retires its lease before retry and preserves input
ok 91 - spatial transport retry retires its lease before retry and preserves input
  ---
  duration_ms: 2.863917
  type: 'test'
  ...
# Subtest: bounded roles transport retry preserves prior inputs and releases each failed worker
ok 92 - bounded roles transport retry preserves prior inputs and releases each failed worker
  ---
  duration_ms: 3.982541
  type: 'test'
  ...
# Subtest: postprocess retries unreadable transport after retiring its workspace
ok 93 - postprocess retries unreadable transport after retiring its workspace
  ---
  duration_ms: 2.288791
  type: 'test'
  ...
# Subtest: evaluator terminal upload drains a companion retry before releasing shared buffers
ok 94 - evaluator terminal upload drains a companion retry before releasing shared buffers
  ---
  duration_ms: 4.431583
  type: 'test'
  ...
# Subtest: convolution terminal upload drains a companion retry before releasing shared buffers
ok 95 - convolution terminal upload drains a companion retry before releasing shared buffers
  ---
  duration_ms: 2.736333
  type: 'test'
  ...
# Subtest: five unreadable convolution tiles stop without reducing future configured parallelism or orphaning CPU
ok 96 - five unreadable convolution tiles stop without reducing future configured parallelism or orphaning CPU
  ---
  duration_ms: 12.219333
  type: 'test'
  ...
# Subtest: role child backing ledger is covered by the existing lease and follows growth, release and cancellation
ok 97 - role child backing ledger is covered by the existing lease and follows growth, release and cancellation
  ---
  duration_ms: 2.131084
  type: 'test'
  ...
1..97
# tests 97
# suites 0
# pass 97
# fail 0
# cancelled 0
# skipped 0
# todo 0
# duration_ms 5033.302667
