TAP version 13
# (node:16343) ExperimentalWarning: Module mocking is an experimental feature and might change at any time
# (Use `node --trace-warnings ...` to show where the warning was created)
# Subtest: explicit resume retains validated dense work after five terminal compute transport failures
ok 1 - explicit resume retains validated dense work after five terminal compute transport failures
  ---
  duration_ms: 84.905666
  type: 'test'
  ...
# Subtest: explicit resume retains validated dense work after five terminal cold transport failures
ok 2 - explicit resume retains validated dense work after five terminal cold transport failures
  ---
  duration_ms: 17.258541
  type: 'test'
  ...
# Subtest: completed coherence selections survive the failure of the next selection
ok 3 - completed coherence selections survive the failure of the next selection
  ---
  duration_ms: 9.012875
  type: 'test'
  ...
# Subtest: a cancelled checkpoint retains completed hypotheses until explicit cleanup
ok 4 - a cancelled checkpoint retains completed hypotheses until explicit cleanup
  ---
  duration_ms: 12.94325
  type: 'test'
  ...
# Subtest: changing checkpoint parameters retires the old incomplete owners
ok 5 - changing checkpoint parameters retires the old incomplete owners
  ---
  duration_ms: 7.69225
  type: 'test'
  ...
# { cases: 20, heap: 33554432 }
# Subtest: compact SIFT reconstructs every float32 and global field for paired mirrors and quarter frames
ok 6 - compact SIFT reconstructs every float32 and global field for paired mirrors and quarter frames
  ---
  duration_ms: 1362.043791
  type: 'test'
  ...
# (node:16345) ExperimentalWarning: Module mocking is an experimental feature and might change at any time
# (Use `node --trace-warnings ...` to show where the warning was created)
# Subtest: geometry failure retains fully filtered evidence and releases it after both checkpoint and result owners close
ok 7 - geometry failure retains fully filtered evidence and releases it after both checkpoint and result owners close
  ---
  duration_ms: 49.77025
  type: 'test'
  ...
# Subtest: direct and grouped corroboration avoid a timer per offset while preserving every sample and float score
ok 8 - direct and grouped corroboration avoid a timer per offset while preserving every sample and float score
  ---
  duration_ms: 32.527875
  type: 'test'
  ...
# Subtest: native paged detail remains bit-exact against full-image sampling and native corroboration
ok 9 - native paged detail remains bit-exact against full-image sampling and native corroboration
  ---
  duration_ms: 388.6635
  type: 'test'
  ...
# Subtest: one cooperation deadline spans quickly rejected models and admits a queued cancellation timer
ok 10 - one cooperation deadline spans quickly rejected models and admits a queued cancellation timer
  ---
  duration_ms: 9.681166
  type: 'test'
  ...
# Subtest: sampler cooperation deadline survives many short cached sample calls and admits timer cancellation
ok 11 - sampler cooperation deadline survives many short cached sample calls and admits timer cancellation
  ---
  duration_ms: 34.614208
  type: 'test'
  ...
# Subtest: direct corroboration has its own cooperation and accepts cancellation queued during useful sampling
ok 12 - direct corroboration has its own cooperation and accepts cancellation queued during useful sampling
  ---
  duration_ms: 9.04175
  type: 'test'
  ...
# Subtest: Integer GPU bound stays below the unchanged float32 evaluator across normal/subnormal and extreme values
ok 13 - Integer GPU bound stays below the unchanged float32 evaluator across normal/subnormal and extreme values
  ---
  duration_ms: 89.484166
  type: 'test'
  ...
# Subtest: Prefixes are valid full-distance bounds and nonfinite inputs cannot prove a rejection
ok 14 - Prefixes are valid full-distance bounds and nonfinite inputs cannot prove a rejection
  ---
  duration_ms: 0.119334
  type: 'test'
  ...
# (node:16348) ExperimentalWarning: Module mocking is an experimental feature and might change at any time
# (Use `node --trace-warnings ...` to show where the warning was created)
# Subtest: field recovery retains completed hypotheses and descriptors, and retries storage without recomputing the field
ok 15 - field recovery retains completed hypotheses and descriptors, and retries storage without recomputing the field
  ---
  duration_ms: 181.731708
  type: 'test'
  ...
# Subtest: partial free memory adds every fitting kernel and accounts for retained idle heaps
ok 16 - partial free memory adds every fitting kernel and accounts for retained idle heaps
  ---
  duration_ms: 4.16175
  type: 'test'
  ...
# Subtest: a bootstrap progress exception rejects the field and terminates its kernel
ok 17 - a bootstrap progress exception rejects the field and terminates its kernel
  ---
  duration_ms: 0.520875
  type: 'test'
  ...
# Subtest: a refused extra kernel preserves the ready field without repeated allocation attempts
ok 18 - a refused extra kernel preserves the ready field without repeated allocation attempts
  ---
  duration_ms: 1.484625
  type: 'test'
  ...
# Subtest: real recovered memory permits full width again without changing the budget limit
ok 19 - real recovered memory permits full width again without changing the budget limit
  ---
  duration_ms: 1.057209
  type: 'test'
  ...
# Subtest: a later release reopens a previously refused expansion
ok 20 - a later release reopens a previously refused expansion
  ---
  duration_ms: 1.206292
  type: 'test'
  ...
# Subtest: a failed bootstrap retries locally only after concrete memory recovery
ok 21 - a failed bootstrap retries locally only after concrete memory recovery
  ---
  duration_ms: 2.448917
  type: 'test'
  ...
# Subtest: allocation failures during a useful task remain fatal and retain their evidence
ok 22 - allocation failures during a useful task remain fatal and retain their evidence
  ---
  duration_ms: 0.878333
  type: 'test'
  ...
# Subtest: returning uncreated reservations does not itself retry a refused allocation
ok 23 - returning uncreated reservations does not itself retry a refused allocation
  ---
  duration_ms: 0.870791
  type: 'test'
  ...
# Subtest: dense output migration windows fit before a kernel fills the remaining workspace
ok 24 - dense output migration windows fit before a kernel fills the remaining workspace
  ---
  duration_ms: 7.990708
  type: 'test'
  ...
# Subtest: a field receives a partial memory grant and yields only its GPU coordinator CPU
ok 25 - a field receives a partial memory grant and yields only its GPU coordinator CPU
  ---
  duration_ms: 12.551875
  type: 'test'
  ...
# Subtest: unused kernel workspace is returned and a later useful grant can grow it again
ok 26 - unused kernel workspace is returned and a later useful grant can grow it again
  ---
  duration_ms: 1.475458
  type: 'test'
  ...
# Subtest: memory RPC hides blocked field activity without surrendering its CPU quota
ok 27 - memory RPC hides blocked field activity without surrendering its CPU quota
  ---
  duration_ms: 3.991791
  type: 'test'
  ...
# Subtest: dense geometry waits behind all D2 CPUs, declares phases and retains exact native results
ok 28 - dense geometry waits behind all D2 CPUs, declares phases and retains exact native results
  ---
  duration_ms: 60.756041
  type: 'test'
  ...
# Subtest: cancelling geometry queued behind D2 does no native work and returns its tickets
ok 29 - cancelling geometry queued behind D2 does no native work and returns its tickets
  ---
  duration_ms: 5.625625
  type: 'test'
  ...
# Subtest: one-core mirror geometry admits its paged guide child and coalesces inline without nested CPU admission
ok 30 - one-core mirror geometry admits its paged guide child and coalesces inline without nested CPU admission
  ---
  duration_ms: 14.773959
  type: 'test'
  ...
# Subtest: geometry phase failure preserves borrowed evidence and retires scratch, native owners and CPU
ok 31 - geometry phase failure preserves borrowed evidence and retires scratch, native owners and CPU
  ---
  duration_ms: 5.86475
  type: 'test'
  ...
# Subtest: a small geometry budget fails admission without losing borrowed fields or leaving a live producer
ok 32 - a small geometry budget fails admission without losing borrowed fields or leaving a live producer
  ---
  duration_ms: 3.205709
  type: 'test'
  ...
# Subtest: cancel after a validated geometry pass prevents assembly and releases its owned work
ok 33 - cancel after a validated geometry pass prevents assembly and releases its owned work
  ---
  duration_ms: 17.542834
  type: 'test'
  ...
# Subtest: two live fields acknowledge every immutable reader before a transactional migration
ok 34 - two live fields acknowledge every immutable reader before a transactional migration
  ---
  duration_ms: 40.658917
  type: 'test'
  ...
# Subtest: allocation-domain pressure changes automatic storage only for that live recovery
ok 35 - allocation-domain pressure changes automatic storage only for that live recovery
  ---
  duration_ms: 0.455
  type: 'test'
  ...
# Subtest: allocation reclamation negotiates a safe boundary independently of detector identity
ok 36 - allocation reclamation negotiates a safe boundary independently of detector identity
  ---
  duration_ms: 6.59325
  type: 'test'
  ...
# Subtest: busy peer refuses immediate migration and already paused peers regain their authoritative banks
ok 37 - busy peer refuses immediate migration and already paused peers regain their authoritative banks
  ---
  duration_ms: 1.360791
  type: 'test'
  ...
# Subtest: allocation reclaim never waits for a reader without immediate boundary negotiation
ok 38 - allocation reclaim never waits for a reader without immediate boundary negotiation
  ---
  duration_ms: 1.718625
  type: 'test'
  ...
# Subtest: immediate pause refuses live kernels but pins the existing recovery boundary before restarting work
ok 39 - immediate pause refuses live kernels but pins the existing recovery boundary before restarting work
  ---
  duration_ms: 2.334375
  type: 'test'
  ...
# Subtest: failed io migration restores all live readers on the old authoritative bank
ok 40 - failed io migration restores all live readers on the old authoritative bank
  ---
  duration_ms: 5.298209
  type: 'test'
  ...
# Subtest: failed cancel migration restores all live readers on the old authoritative bank
ok 41 - failed cancel migration restores all live readers on the old authoritative bank
  ---
  duration_ms: 6.504125
  type: 'test'
  ...
# Subtest: an unrevocable reader prevents active migration rather than invalidating its SAB
ok 42 - an unrevocable reader prevents active migration rather than invalidating its SAB
  ---
  duration_ms: 0.499958
  type: 'test'
  ...
# Subtest: input gate drains native work, supports overlapping stores, and returns CPU admission during I/O
ok 43 - input gate drains native work, supports overlapping stores, and returns CPU admission during I/O
  ---
  duration_ms: 4.415292
  type: 'test'
  ...
# Subtest: input gate cancellation releases blocked dispatcher and reader acknowledgements
ok 44 - input gate cancellation releases blocked dispatcher and reader acknowledgements
  ---
  duration_ms: 0.254833
  type: 'test'
  ...
# Subtest: final publication waits for a migration that first reaches its barrier during kernel shutdown
ok 45 - final publication waits for a migration that first reaches its barrier during kernel shutdown
  ---
  duration_ms: 2.421375
  type: 'test'
  ...
# Subtest: an ordinary reclaim queued behind migration exposes its already idle native boundary
ok 46 - an ordinary reclaim queued behind migration exposes its already idle native boundary
  ---
  duration_ms: 0.210125
  type: 'test'
  ...
# Subtest: field queued-start releases immutable publications without waiting for blocked CPU or a terminated worker
ok 47 - field queued-start releases immutable publications without waiting for blocked CPU or a terminated worker
  ---
  duration_ms: 9.952375
  type: 'test'
  ...
# Subtest: field cancel-ack releases immutable publications without waiting for blocked CPU or a terminated worker
ok 48 - field cancel-ack releases immutable publications without waiting for blocked CPU or a terminated worker
  ---
  duration_ms: 6.741167
  type: 'test'
  ...
# Subtest: retired SAB wrappers are collectible while old publications and reader objects remain alive
ok 49 - retired SAB wrappers are collectible while old publications and reader objects remain alive
  ---
  duration_ms: 140.220708
  type: 'test'
  ...
# Subtest: remote worker backing reports transfer adopted banks without a second policy charge
ok 50 - remote worker backing reports transfer adopted banks without a second policy charge
  ---
  duration_ms: 1.082542
  type: 'test'
  ...
# Subtest: native optional cache failure preserves the field and retries only on a memory recovery epoch
ok 51 - native optional cache failure preserves the field and retries only on a memory recovery epoch
  ---
  duration_ms: 1008.347042
  type: 'test'
  ...
# Subtest: actual linear-memory growth beyond planned vectors is charged and released
ok 52 - actual linear-memory growth beyond planned vectors is charged and released
  ---
  duration_ms: 1.102834
  type: 'test'
  ...
# Subtest: shared peer pressure prevents growth before the VM allocates the memory
ok 53 - shared peer pressure prevents growth before the VM allocates the memory
  ---
  duration_ms: 0.395125
  type: 'test'
  ...
# Subtest: VM-rejected growth does not leak a reservation
ok 54 - VM-rejected growth does not leak a reservation
  ---
  duration_ms: 0.198333
  type: 'test'
  ...
# Subtest: physical growth failures retain allocator evidence and release speculative capacity
ok 55 - physical growth failures retain allocator evidence and release speculative capacity
  ---
  duration_ms: 2.880375
  type: 'test'
  ...
# Subtest: initial physical allocation failure is distinct from a logical budget refusal
ok 56 - initial physical allocation failure is distinct from a logical budget refusal
  ---
  duration_ms: 0.326959
  type: 'test'
  ...
# Subtest: uses admitted RAM beyond the old16MiB descriptor cache without changing work
ok 57 - uses admitted RAM beyond the old16MiB descriptor cache without changing work
  ---
  duration_ms: 0.887875
  type: 'test'
  ...
# Subtest: real96MP and larger shapes fit the module and shared workspace
ok 58 - real96MP and larger shapes fit the module and shared workspace
  ---
  duration_ms: 1.793209
  type: 'test'
  ...
# Subtest: budget occupied by real source and peers reduces caches; no probe allocations
ok 59 - budget occupied by real source and peers reduces caches; no probe allocations
  ---
  duration_ms: 0.119583
  type: 'test'
  ...
# Subtest: explicit cache and batch choices remain exact and cannot overrun heap
ok 60 - explicit cache and batch choices remain exact and cannot overrun heap
  ---
  duration_ms: 0.302333
  type: 'test'
  ...
# Subtest: small cases allocate no initialization batch and explicit zero is honored
ok 61 - small cases allocate no initialization batch and explicit zero is honored
  ---
  duration_ms: 0.079166
  type: 'test'
  ...
# Subtest: 96MP propagation caches reuse initialization RAM without shrinking the native-sized batch
ok 62 - 96MP propagation caches reuse initialization RAM without shrinking the native-sized batch
  ---
  duration_ms: 0.082583
  type: 'test'
  ...
# Subtest: 96MP non-isolated admission includes every native and cloned candidate pool
ok 63 - 96MP non-isolated admission includes every native and cloned candidate pool
  ---
  duration_ms: 0.771333
  type: 'test'
  ...
# Subtest: dense preparation reclaims a completed plane before committing its hot descriptors to disk
ok 64 - dense preparation reclaims a completed plane before committing its hot descriptors to disk
  ---
  duration_ms: 12.70425
  type: 'test'
  ...
# Subtest: an impossible explicit in-memory preparation returns its layout lease without creating a worker
ok 65 - an impossible explicit in-memory preparation returns its layout lease without creating a worker
  ---
  duration_ms: 1.246917
  type: 'test'
  ...
# Subtest: only the missing shared migration capacity affects a resident preparation decision
ok 66 - only the missing shared migration capacity affects a resident preparation decision
  ---
  duration_ms: 1.10925
  type: 'test'
  ...
# Subtest: external preparation remains admissible when its worker fits but RAM and migration do not
ok 67 - external preparation remains admissible when its worker fits but RAM and migration do not
  ---
  duration_ms: 0.077417
  type: 'test'
  ...
# Subtest: native Zernike completes with exactly the planned source, descriptors, workspace and I/O budget
ok 68 - native Zernike completes with exactly the planned source, descriptors, workspace and I/O budget
  ---
  duration_ms: 98.223292
  type: 'test'
  ...
# Subtest: native compact SIFT completes every preparation stage at its exact planned I/O budget
ok 69 - native compact SIFT completes every preparation stage at its exact planned I/O budget
  ---
  duration_ms: 49.997125
  type: 'test'
  ...
# Subtest: native texture eligibility transfers its input window out of the planned allowance
ok 70 - native texture eligibility transfers its input window out of the planned allowance
  ---
  duration_ms: 54.6395
  type: 'test'
  ...
# Subtest: a transferred window keeps its output charged after the original allowance closes
ok 71 - a transferred window keeps its output charged after the original allowance closes
  ---
  duration_ms: 3.962791
  type: 'test'
  ...
# Subtest: failed window I/O returns transferred output and scratch ownership
ok 72 - failed window I/O returns transferred output and scratch ownership
  ---
  duration_ms: 2.999834
  type: 'test'
  ...
# Subtest: cancelling CPU admission returns the transferred window and its originating lane allowance
ok 73 - cancelling CPU admission returns the transferred window and its originating lane allowance
  ---
  duration_ms: 4.241208
  type: 'test'
  ...
# Subtest: resident null releases CPU and preserves only validated hypotheses for explicit resume
ok 74 - resident null releases CPU and preserves only validated hypotheses for explicit resume
  ---
  duration_ms: 7.941084
  type: 'test'
  ...
# Subtest: resident messageerror releases CPU and preserves only validated hypotheses for explicit resume
ok 75 - resident messageerror releases CPU and preserves only validated hypotheses for explicit resume
  ---
  duration_ms: 1.226958
  type: 'test'
  ...
# Subtest: resident retainResult refusal returns the split reservation exactly once
ok 76 - resident retainResult refusal returns the split reservation exactly once
  ---
  duration_ms: 0.708667
  type: 'test'
  ...
# Subtest: clearing a resident checkpoint before-clear cannot publish a late worker result
ok 77 - clearing a resident checkpoint before-clear cannot publish a late worker result
  ---
  duration_ms: 0.775917
  type: 'test'
  ...
# Subtest: clearing a resident checkpoint after-clear cannot publish a late worker result
ok 78 - clearing a resident checkpoint after-clear cannot publish a late worker result
  ---
  duration_ms: 2.359792
  type: 'test'
  ...
# Subtest: the real resident worker handler reports null once and rejects subsequent commands
ok 79 - the real resident worker handler reports null once and rejects subsequent commands
  ---
  duration_ms: 1.188875
  type: 'test'
  ...
# Subtest: the real resident worker handler reports messageerror once and rejects subsequent commands
ok 80 - the real resident worker handler reports messageerror once and rejects subsequent commands
  ---
  duration_ms: 0.591375
  type: 'test'
  ...
# Subtest: actual resident lanes keep D2 waiting and return the first retired lane credit before the last finishes
ok 81 - actual resident lanes keep D2 waiting and return the first retired lane credit before the last finishes
  ---
  duration_ms: 12.850541
  type: 'test'
  ...
# Subtest: resident lane identity and dependencies survive the CPU gap between two hypotheses
ok 82 - resident lane identity and dependencies survive the CPU gap between two hypotheses
  ---
  duration_ms: 0.957958
  type: 'test'
  ...
# Subtest: resident cancel drains all lane credits, tickets and backing owners
ok 83 - resident cancel drains all lane credits, tickets and backing owners
  ---
  duration_ms: 3.800209
  type: 'test'
  ...
# Subtest: resident transport drains all lane credits, tickets and backing owners
ok 84 - resident transport drains all lane credits, tickets and backing owners
  ---
  duration_ms: 1.490875
  type: 'test'
  ...
# Subtest: resident planner counts Wasm linear growth and page rounding without changing the native ceiling
ok 85 - resident planner counts Wasm linear growth and page rounding without changing the native ceiling
  ---
  duration_ms: 0.956125
  type: 'test'
  ...
# Subtest: real resident native worker reports its grown capacity within the same admitted plan and matches an independent native reference
ok 86 - real resident native worker reports its grown capacity within the same admitted plan and matches an independent native reference
  ---
  duration_ms: 451.458041
  type: 'test'
  ...
# Subtest: surface admission includes all retained fields, source materialization and the real Wasm ceiling
ok 87 - surface admission includes all retained fields, source materialization and the real Wasm ceiling
  ---
  duration_ms: 3.555541
  type: 'test'
  ...
# Subtest: persistent worker admission retains the largest Wasm heap across unlike following jobs
ok 88 - persistent worker admission retains the largest Wasm heap across unlike following jobs
  ---
  duration_ms: 0.168166
  type: 'test'
  ...
# Subtest: disposing a resident pool cancels queued CPU admission and never creates a late worker
ok 89 - disposing a resident pool cancels queued CPU admission and never creates a late worker
  ---
  duration_ms: 3.998458
  type: 'test'
  ...
# Subtest: a persistent resident worker yields its CPU lease to a queued GPU task between hypotheses
ok 90 - a persistent resident worker yields its CPU lease to a queued GPU task between hypotheses
  ---
  duration_ms: 1.476583
  type: 'test'
  ...
# Subtest: preparation keeps a fitting hot representation instead of spending its RAM on extra workers
ok 91 - preparation keeps a fitting hot representation instead of spending its RAM on extra workers
  ---
  duration_ms: 0.370292
  type: 'test'
  ...
# Subtest: cold result admission accounts for filtered fields and global coherence scratch
ok 92 - cold result admission accounts for filtered fields and global coherence scratch
  ---
  duration_ms: 0.395333
  type: 'test'
  ...
# Subtest: worker transport pins and aliases immutable shared inputs without duplicating descriptor banks
ok 93 - worker transport pins and aliases immutable shared inputs without duplicating descriptor banks
  ---
  duration_ms: 2.925708
  type: 'test'
  ...
# Subtest: failed field worker startup releases reservations and all shared input pins
ok 94 - failed field worker startup releases reservations and all shared input pins
  ---
  duration_ms: 5.567416
  type: 'test'
  ...
# Subtest: completed worker fields move to cold storage without discarding or recounting borrowed inputs
ok 95 - completed worker fields move to cold storage without discarding or recounting borrowed inputs
  ---
  duration_ms: 0.577292
  type: 'test'
  ...
# Subtest: SIMD independent pixels preserve scalar descriptor bits and global candidate decisions
ok 96 - SIMD independent pixels preserve scalar descriptor bits and global candidate decisions
  ---
  duration_ms: 2244.039875
  type: 'test'
  ...
# Subtest: compatibility fallback compiles the real scalar job without a capability probe
ok 97 - compatibility fallback compiles the real scalar job without a capability probe
  ---
  duration_ms: 3.246083
  type: 'test'
  ...
# Subtest: allocation and download failures are not hidden by a scalar fallback
ok 98 - allocation and download failures are not hidden by a scalar fallback
  ---
  duration_ms: 1.358209
  type: 'test'
  ...
# Subtest: every asynchronously completed row segment respects all first and second order predecessors
ok 99 - every asynchronously completed row segment respects all first and second order predecessors
  ---
  duration_ms: 106.822417
  type: 'test'
  ...
# Subtest: elastic null retires only the bad lane and preserves committed tiles
ok 100 - elastic null retires only the bad lane and preserves committed tiles
  ---
  duration_ms: 14.210333
  type: 'test'
  ...
# Subtest: elastic messageerror retires only the bad lane and preserves committed tiles
ok 101 - elastic messageerror retires only the bad lane and preserves committed tiles
  ---
  duration_ms: 2.912541
  type: 'test'
  ...
# Subtest: elastic unexpected retires only the bad lane and preserves committed tiles
ok 102 - elastic unexpected retires only the bad lane and preserves committed tiles
  ---
  duration_ms: 4.133875
  type: 'test'
  ...
# Subtest: five unreadable messages stop one elastic tile without holding CPU or replaying peers
ok 103 - five unreadable messages stop one elastic tile without holding CPU or replaying peers
  ---
  duration_ms: 9.403083
  type: 'test'
  ...
# Subtest: dense kernel null during bootstrap terminates pending native commands
ok 104 - dense kernel null during bootstrap terminates pending native commands
  ---
  duration_ms: 0.718291
  type: 'test'
  ...
# Subtest: dense kernel null during compute terminates pending native commands
ok 105 - dense kernel null during compute terminates pending native commands
  ---
  duration_ms: 0.582625
  type: 'test'
  ...
# Subtest: dense kernel messageerror during bootstrap terminates pending native commands
ok 106 - dense kernel messageerror during bootstrap terminates pending native commands
  ---
  duration_ms: 0.207875
  type: 'test'
  ...
# Subtest: dense kernel messageerror during compute terminates pending native commands
ok 107 - dense kernel messageerror during compute terminates pending native commands
  ---
  duration_ms: 0.25
  type: 'test'
  ...
# Subtest: dense kernel unexpected during bootstrap terminates pending native commands
ok 108 - dense kernel unexpected during bootstrap terminates pending native commands
  ---
  duration_ms: 0.228167
  type: 'test'
  ...
# Subtest: dense kernel unexpected during compute terminates pending native commands
ok 109 - dense kernel unexpected during compute terminates pending native commands
  ---
  duration_ms: 0.507166
  type: 'test'
  ...
# Subtest: dense field null returns its parent CPU and storage ownership
ok 110 - dense field null returns its parent CPU and storage ownership
  ---
  duration_ms: 5.309125
  type: 'test'
  ...
# Subtest: dense field messageerror returns its parent CPU and storage ownership
ok 111 - dense field messageerror returns its parent CPU and storage ownership
  ---
  duration_ms: 0.478375
  type: 'test'
  ...
# Subtest: dense field unexpected returns its parent CPU and storage ownership
ok 112 - dense field unexpected returns its parent CPU and storage ownership
  ---
  duration_ms: 0.622875
  type: 'test'
  ...
# Subtest: SIFT null retries only detached input tile at unchanged width
ok 113 - SIFT null retries only detached input tile at unchanged width
  ---
  duration_ms: 6.828083
  type: 'test'
  ...
# Subtest: SIFT messageerror retries only detached input tile at unchanged width
ok 114 - SIFT messageerror retries only detached input tile at unchanged width
  ---
  duration_ms: 4.869917
  type: 'test'
  ...
# Subtest: SIFT unexpected retries only detached input tile at unchanged width
ok 115 - SIFT unexpected retries only detached input tile at unchanged width
  ---
  duration_ms: 4.474333
  type: 'test'
  ...
# Subtest: SIFT allocation retries only detached input tile at unchanged width
ok 116 - SIFT allocation retries only detached input tile at unchanged width
  ---
  duration_ms: 5.578834
  type: 'test'
  ...
# Subtest: SIFT transport guard terminates after five unreadable replies without global replay
ok 117 - SIFT transport guard terminates after five unreadable replies without global replay
  ---
  duration_ms: 7.483542
  type: 'test'
  ...
# Subtest: SIFT unavailable distinguishes local GPU fallback from numerical failure
ok 118 - SIFT unavailable distinguishes local GPU fallback from numerical failure
  ---
  duration_ms: 1.167917
  type: 'test'
  ...
# Subtest: SIFT lost distinguishes local GPU fallback from numerical failure
ok 119 - SIFT lost distinguishes local GPU fallback from numerical failure
  ---
  duration_ms: 0.366334
  type: 'test'
  ...
# Subtest: SIFT numeric distinguishes local GPU fallback from numerical failure
ok 120 - SIFT numeric distinguishes local GPU fallback from numerical failure
  ---
  duration_ms: 0.416334
  type: 'test'
  ...
# Subtest: SIFT cancellation during a broken lane retry settles admission and retains committed output
ok 121 - SIFT cancellation during a broken lane retry settles admission and retains committed output
  ---
  duration_ms: 0.540291
  type: 'test'
  ...
# { cases: 6, heap: 33554432 }
# Subtest: haloed resident Zernike reproduces full descriptors and global fields including seams/mirrors
ok 122 - haloed resident Zernike reproduces full descriptors and global fields including seams/mirrors
  ---
  duration_ms: 2657.881083
  type: 'test'
  ...
1..122
# tests 122
# suites 0
# pass 122
# fail 0
# cancelled 0
# skipped 0
# todo 0
# duration_ms 3259.017291
