TAP version 13
# Subtest: Queued abort leaves active worker intact; output lease and dispose release separately
ok 1 - Queued abort leaves active worker intact; output lease and dispose release separately
  ---
  duration_ms: 4.999584
  type: 'test'
  ...
# Subtest: Useful allocation failure admits a larger real heap once, without a calibration job
ok 2 - Useful allocation failure admits a larger real heap once, without a calibration job
  ---
  duration_ms: 0.689375
  type: 'test'
  ...
# Subtest: Admission refusal and identity failure leave no active reservations
ok 3 - Admission refusal and identity failure leave no active reservations
  ---
  duration_ms: 0.500042
  type: 'test'
  ...
# Subtest: Auto uses CPU when GPU residency cannot fit, without disabling later GPU work
ok 4 - Auto uses CPU when GPU residency cannot fit, without disabling later GPU work
  ---
  duration_ms: 3.085667
  type: 'test'
  ...
# Subtest: Immutable input reuse avoids retransmission and keeps its residency charged
ok 5 - Immutable input reuse avoids retransmission and keeps its residency charged
  ---
  duration_ms: 0.835709
  type: 'test'
  ...
# Subtest: Separate neural pools initialize together but share a single admitted GPU execution
ok 6 - Separate neural pools initialize together but share a single admitted GPU execution
  ---
  duration_ms: 4.667333
  type: 'test'
  ...
# Subtest: Cancelling after initialization removes the pending execution without touching another pool
ok 7 - Cancelling after initialization removes the pending execution without touching another pool
  ---
  duration_ms: 0.669083
  type: 'test'
  ...
# Subtest: Idle reclamation drops only enough inexpensive model residency for the requested allocation
ok 8 - Idle reclamation drops only enough inexpensive model residency for the requested allocation
  ---
  duration_ms: 0.451708
  type: 'test'
  ...
# Subtest: GPU failure releases its execution lease before the useful CPU retry
ok 9 - GPU failure releases its execution lease before the useful CPU retry
  ---
  duration_ms: 0.357959
  type: 'test'
  ...
# Subtest: ORT CPU width follows shared capacity between useful jobs without multiplying worker teams
ok 10 - ORT CPU width follows shared capacity between useful jobs without multiplying worker teams
  ---
  duration_ms: 0.948417
  type: 'test'
  ...
# Subtest: GPU inference proceeds while all CPU slots are occupied and retains no CPU slot
ok 11 - GPU inference proceeds while all CPU slots are occupied and retains no CPU slot
  ---
  duration_ms: 0.193792
  type: 'test'
  ...
# Subtest: Hybrid CFA exchanges its GPU admission for CPU work and returns the CPU slot before GPU wait
ok 12 - Hybrid CFA exchanges its GPU admission for CPU work and returns the CPU slot before GPU wait
  ---
  duration_ms: 0.289542
  type: 'test'
  ...
# Subtest: Opaque ORT WebGPU retains one CPU admission for possible WASM fallback operators
ok 13 - Opaque ORT WebGPU retains one CPU admission for possible WASM fallback operators
  ---
  duration_ms: 0.189083
  type: 'test'
  ...
# Subtest: neural null during initialization settles all ownership and allows a fresh worker
ok 14 - neural null during initialization settles all ownership and allows a fresh worker
  ---
  duration_ms: 10.394792
  type: 'test'
  ...
# Subtest: neural null during compute settles all ownership and allows a fresh worker
ok 15 - neural null during compute settles all ownership and allows a fresh worker
  ---
  duration_ms: 1.372041
  type: 'test'
  ...
# Subtest: neural messageerror during initialization settles all ownership and allows a fresh worker
ok 16 - neural messageerror during initialization settles all ownership and allows a fresh worker
  ---
  duration_ms: 1.353125
  type: 'test'
  ...
# Subtest: neural messageerror during compute settles all ownership and allows a fresh worker
ok 17 - neural messageerror during compute settles all ownership and allows a fresh worker
  ---
  duration_ms: 1.309333
  type: 'test'
  ...
# Subtest: neural unexpected during initialization settles all ownership and allows a fresh worker
ok 18 - neural unexpected during initialization settles all ownership and allows a fresh worker
  ---
  duration_ms: 1.628
  type: 'test'
  ...
# Subtest: neural unexpected during compute settles all ownership and allows a fresh worker
ok 19 - neural unexpected during compute settles all ownership and allows a fresh worker
  ---
  duration_ms: 0.653792
  type: 'test'
  ...
# Subtest: neural deserialization failure removes its queued GPU admission without touching a peer
ok 20 - neural deserialization failure removes its queued GPU admission without touching a peer
  ---
  duration_ms: 1.003
  type: 'test'
  ...
# Subtest: neural cancellation drains its active lease and ignores queued late messages
ok 21 - neural cancellation drains its active lease and ignores queued late messages
  ---
  duration_ms: 0.985125
  type: 'test'
  ...
# Subtest: neural transport failure retires only its worker while a companion publishes its result
ok 22 - neural transport failure retires only its worker while a companion publishes its result
  ---
  duration_ms: 1.310625
  type: 'test'
  ...
# Subtest: neural serialized compute errors retain their cause instead of becoming transport errors
ok 23 - neural serialized compute errors retain their cause instead of becoming transport errors
  ---
  duration_ms: 0.943292
  type: 'test'
  ...
# Subtest: neural endpoint reports null rather than leaving its parent pending
ok 24 - neural endpoint reports null rather than leaving its parent pending
  ---
  duration_ms: 1.763375
  type: 'test'
  ...
# Subtest: neural endpoint reports messageerror rather than leaving its parent pending
ok 25 - neural endpoint reports messageerror rather than leaving its parent pending
  ---
  duration_ms: 0.925709
  type: 'test'
  ...
# Subtest: neural endpoint reports unexpected rather than leaving its parent pending
ok 26 - neural endpoint reports unexpected rather than leaving its parent pending
  ---
  duration_ms: 6.198584
  type: 'test'
  ...
# Subtest: neural endpoint reports execute rather than leaving its parent pending
ok 27 - neural endpoint reports execute rather than leaving its parent pending
  ---
  duration_ms: 1.407625
  type: 'test'
  ...
# Subtest: null fails one pending RPC, releases its CPU lease, and poisons only that endpoint
ok 28 - null fails one pending RPC, releases its CPU lease, and poisons only that endpoint
  ---
  duration_ms: 6.143042
  type: 'test'
  ...
# Subtest: messageerror fails one pending RPC, releases its CPU lease, and poisons only that endpoint
ok 29 - messageerror fails one pending RPC, releases its CPU lease, and poisons only that endpoint
  ---
  duration_ms: 1.584375
  type: 'test'
  ...
# Subtest: unexpected asynchronous handler rejection is delivered instead of orphaning its caller
ok 30 - unexpected asynchronous handler rejection is delivered instead of orphaning its caller
  ---
  duration_ms: 1.272541
  type: 'test'
  ...
# Subtest: opaque transport retry preserves its cause, skips all memory reclaim and stops at five refusals
ok 31 - opaque transport retry preserves its cause, skips all memory reclaim and stops at five refusals
  ---
  duration_ms: 5.369042
  type: 'test'
  ...
# Subtest: unrelated policy-memory changes cannot reset an opaque transport obstruction
ok 32 - unrelated policy-memory changes cannot reset an opaque transport obstruction
  ---
  duration_ms: 5.868125
  type: 'test'
  ...
1..32
# tests 32
# suites 0
# pass 32
# fail 0
# cancelled 0
# skipped 0
# todo 0
# duration_ms 130.074958
